// Jest Snapshot v1, https://goo.gl/fbAQLP

exports[`Skills renders correctly 1`] = `
<span
  className="tags"
  style={
    Object {
      "marginTop": "5px",
    }
  }
>
  <div
    style={
      Object {
        "marginRight": "4px",
      }
    }
  >
    <span
      className="tooltip"
      onMouseLeave={[Function]}
    >
      <span
        className="tooltip-trigger"
        onMouseOver={[Function]}
      >
        <span
          className="tag"
        >
          isSkill1
        </span>
      </span>
    </span>
  </div>
  <div
    style={
      Object {
        "marginRight": "4px",
      }
    }
  >
    <span
      className="tooltip"
      onMouseLeave={[Function]}
    >
      <span
        className="tooltip-trigger"
        onMouseOver={[Function]}
      >
        <span
          className="tag"
        >
          isSkill2
        </span>
      </span>
    </span>
  </div>
</span>
`;
