// Jest Snapshot v1, https://goo.gl/fbAQLP

exports[`Header renders correctly 1`] = `
<nav
  className="navbar"
  role="navigation"
>
  <div
    className="navbar-brand"
  >
    <div
      className="navbar-item"
      onClick={[Function]}
    >
      <a
        href="/"
        style={
          Object {
            "color": "white",
            "textDecoration": "none",
          }
        }
      >
        Default Starter
      </a>
    </div>
  </div>
</nav>
`;
