// Jest Snapshot v1, https://goo.gl/fbAQLP

exports[`HoverableTag renders correctly 1`] = `
<div
  style={
    Object {
      "marginRight": "4px",
    }
  }
>
  <span
    className="tooltip"
    onMouseLeave={[Function]}
  >
    <span
      className="tooltip-trigger"
      onMouseOver={[Function]}
    >
      <span
        className="tag"
      >
        Test Tag
      </span>
    </span>
  </span>
</div>
`;
